<p>This shows a simple self enclosing shortcode in markdown:</p>
<div>
<pre><code class="lang-js">$(&#39;a:empty&#39;).hide();
</code></pre>
</div>
