<p>
This shows a simple self enclosing shortcode in HTML: I'm replaced :)
</p>