<p>This shows a simple self enclosing shortcode in markdown: I&#39;m replaced :)</p>
