This shows a simple self enclosing shortcode in plain text: I'm replaced :)